// Jest Snapshot v1, https://goo.gl/fbAQLP

exports[`OperationExecutionManager constructor throws if a dependency is not in the set 1`] = `"Operation \\"alpha\\" declares a dependency on operation \\"beta\\" that is not in the set of operations to execute."`;

exports[`OperationExecutionManager executeAsync single pass blocks on failure 1`] = `""`;

exports[`OperationExecutionManager executeAsync single pass does not track noops 1`] = `""`;

exports[`OperationExecutionManager executeAsync single pass executes in order 1`] = `""`;

exports[`OperationExecutionManager executeAsync single pass handles empty input 1`] = `""`;

exports[`OperationExecutionManager executeAsync single pass handles trivial input 1`] = `""`;

exports[`OperationExecutionManager executeAsync single pass respects concurrency 1`] = `""`;

exports[`OperationExecutionManager executeAsync single pass respects priority order 1`] = `""`;

exports[`OperationExecutionManager executeAsync watch mode executes in order: first 1`] = `""`;

exports[`OperationExecutionManager executeAsync watch mode executes in order: second 1`] = `""`;
